// Jest Snapshot v1, https://goo.gl/fbAQLP

exports[`details unit test should render correctly 1`] = `
<RCTSafeAreaView
  emulateUnlessSupported={true}
  style={
    Array [
      Object {
        "flexBasis": 0,
        "flexGrow": 1,
        "flexShrink": 1,
      },
    ]
  }
/>
`;
